// Jest Snapshot v1, https://goo.gl/fbAQLP

exports[`ArticlePage atom tests ArticlePage component render 1`] = `
<section>
  <header>
    <div
      class="banner"
    >
      “The New York Times” article search application
    </div>
  </header>
  <div
    class="page-body-wrapper"
  >
    <div
      class="page-body"
    >
      <div
        class="article-header-wrapper"
      >
        <a
          class="article-action"
          href="/"
        >
           
          &lt; Go to results page
           
        </a>
        <div
          class="article-header"
        >
          <h3
            class="title"
          />
          <div
            class="subtitle"
          >
            NaN.NaN.NaN
          </div>
        </div>
      </div>
      <div
        class="article-body"
      >
        <div
          class="description"
        />
        <a
          class="article-action"
          href=""
        >
           
          Read the full article
           
        </a>
      </div>
    </div>
    <div
      class="page-footer"
    >
      <div
        class="css-1qq1qhc"
      >
        
        <div
          class=" rcs-buttons"
        >
          <button
            aria-label="Share on Twitter"
            class="css-trk4o9 rcs-button"
          >
            <i
              class="fab fa-twitter-square"
            />
          </button>
          <button
            aria-label="Share on Facebook"
            class="css-hn5fd rcs-button"
          >
            <i
              class="fab fa-facebook-square"
            />
          </button>
          <button
            aria-label="Share on Email"
            class="css-1pclnts rcs-button"
          >
            <i
              class="fas fa-envelope-square"
            />
          </button>
        </div>
      </div>
    </div>
  </div>
</section>
`;
