// Jest Snapshot v1, https://goo.gl/fbAQLP

exports[`ArticlePage atom tests ArticlePage component render 1`] = `
<section>
  <header>
    <div
      class="banner"
    >
      “The New York Times” article search application
    </div>
  </header>
  <div
    class="page-body-wrapper"
  >
    <div
      class="page-body"
    >
      <div
        class="article-header-wrapper"
      >
        <a
          class="article-action article-action-< Go to results page"
          href="/"
        >
           
          &lt; Go to results page
           
        </a>
        <div
          class="article-header"
        >
          <h3
            class="title"
          />
          <div
            class="subtitle"
          >
            NaN.NaN.NaN
          </div>
        </div>
      </div>
      <div
        class="article-body"
      >
        <div
          class="description"
        />
        <a
          class="article-action article-action-Read the full article"
          href=""
        >
           
          Read the full article
           
        </a>
      </div>
    </div>
  </div>
</section>
`;
